../Core/Src/main.c:76:5:main	8	static
../Core/Src/main.c:146:6:SystemClock_Config	72	static
../Core/Src/main.c:183:13:MX_USART1_UART_Init	8	static
../Core/Src/main.c:216:13:MX_GPIO_Init	40	static
../Core/Src/main.c:246:6:HAL_UART_RxCpltCallback	24	static
../Core/Src/main.c:264:6:StopSound	8	static
../Core/Src/main.c:272:6:PlaySound1	8	static
../Core/Src/main.c:285:6:PlaySound2	8	static
../Core/Src/main.c:297:6:PlaySound3	8	static
../Core/Src/main.c:310:6:PlaySound4	8	static
../Core/Src/main.c:327:6:Error_Handler	4	static,ignoring_inline_asm
